# dead-man armed: WiFi returns unconditionally in 150 min
# modem-night 2026-09-01 08:15:39 hours=2 alarm=600s floor=15% mm=stopped wifi=up cable=in
# kernel=#80-fp3 SMP PREEMPT Sat Aug 29 08:52:09 UTC 2026
# modem before the run: registered  (daemon will be: stopped)
# ModemManager STOPPED for this run; restore() starts it again on every exit path
# battery at start: 47%  v=3936533uV
# panel: bl_power=4
# leaving WiFi UP - this arm prices the Wi-Fi link itself
# wlan0: wlan0            UP             192.168.x.x/24 2a01:36d:1400:c11:f9dd:df96:299d:c4aa/64 2a01:36d:1400:c11:65ac:e85:d0a:40d3/64 fe80::f0a:293f:c26:d30f/64 
# wifi radio now: enabled  wlan0: UP
# cable IN, USBIN suspended: battery status=Discharging
# settling 300 s before the first round
# round 1 (rtcwake) done 08:31:13 cap=47%
# round 2 (logind) done 08:41:39 cap=47%
# round 3 (rtcwake) done 08:51:57 cap=47%
# round 4 (logind) done 09:02:23 cap=47%
# round 5 (rtcwake) done 09:12:41 cap=47%
# round 6 (logind) done 09:23:07 cap=47%
# round 7 (rtcwake) done 09:33:25 cap=47%
# round 8 (logind) done 09:43:51 cap=47%
# round 9 (rtcwake) done 09:54:09 cap=47%
# round 10 (logind) done 10:04:35 cap=47%
# round 11 (rtcwake) done 10:14:53 cap=47%
# round 12 (logind) done 10:25:19 cap=47%
# loop ended after 12 rounds, 2026-09-01 10:25:19, battery 47%
# RESTORED 2026-09-01 10:25:21 wifi=enabled charger=Charging
