# wake-service 2026-08-30 10:27:08 alarm=600s rounds=3 edge=139
#   ExecStart: /usr/sbin/ModemManager --test-quick-suspend-resume
#   modem: registered
# probes armed: chan hdr
-- qrtr services at start (service:instance node:port)
     Service Version Instance Node  Port
          43       2       18    0     1 Subsystem control service
          15       1        0    0    15 Test service
          24       1        0    0    17 Thermal mitigation device service
          23       1        0    0    18 Thermal sensors service
          22       1        0    0    19 Time service
          36       1        0    0    21 Persistent device configuration service
          49       1        2    0    22 IPA control service
          41       1        1    0    24 RF radiated performance enhancement service
          70       1        1    0    25 LTE service
          54       1        0    0    26 <unknown>
          17       1        0    0    27 Specific absorption rate service
          34       1        0    0    28 Coexistence service
          55       1        2    0    37 QMI-SLIM service
           9       2        0    0    39 Voice service
           3       1        0    0    40 Network Access Service
          12       1        0    0    41 Phonebook Management service
          10       2        0    0    42 Card Application Toolkit service (v2)
          47       1        0    0    43 Data Port Mapper service
          11       1        0    0    44 User Identity Module service
           1       1        0    0    45 Wireless Data Service
           4       1        0    0    46 Quality Of Service service
          26       1        0    0    47 Wireless data administrative service
           7       1        0    0    48 Authentication service
           8       1        0    0    49 AT service
          29       1        0    0    50 Circuit switched videotelephony service
           5       1        0    0    51 Wireless Messaging Service
          42       1        0    0    52 Data system determination service
           2       1        0    0    53 Device Management Service
          16       2        0    0    54 Location service (~ PDS v2)

== round 1: slept 2s of 600s  pm_wakeup_irq=139  <= modem edge
-- channels serviced
    300 rpm_requests
     47 IPCRTR
     35 sys_mon
     35 WLAN_CTRL
     35 WCNSS_CTRL
     35 APPS_RIVA_DATA
     35 APPS_RIVA_CTRL
     35 APPS_RIVA_BT_CMD
-- QRTR headers seen (the answer, if any arrived)
         1 type=1 src_node=0 src_port=40 dst_node=1 dst_port=16400
-- local ports looked up
         1 port=40
         1 port=16400
-- THE LAST few events before the wake (the tail is the wake itself)
        mpris-proxy-1940    [000] dNh3. 26152.197469: chan: (qcom_smd_channel_intr+0x0/0x2d8) name="LOOPBACK"
        mpris-proxy-1940    [000] d.h3. 26152.197677: chan: (qcom_smd_channel_intr+0x0/0x2d8) name="rpm_requests"
       gsd-keyboard-1938    [000] d.h3. 26152.198324: chan: (qcom_smd_channel_intr+0x0/0x2d8) name="rpm_requests"
             <idle>-0       [000] d.h3. 26152.200458: chan: (qcom_smd_channel_intr+0x0/0x2d8) name="rpm_requests"
             <idle>-0       [000] d.h3. 26152.201414: chan: (qcom_smd_channel_intr+0x0/0x2d8) name="rpm_requests"
             <idle>-0       [000] d.h3. 26152.201431: chan: (qcom_smd_channel_intr+0x0/0x2d8) name="rpm_requests"

== round 2: slept 32s of 600s  pm_wakeup_irq=139  <= modem edge
-- channels serviced
    214 rpm_requests
     35 IPCRTR
     34 sys_mon
     34 WLAN_CTRL
     34 WCNSS_CTRL
     34 APPS_RIVA_DATA
     34 APPS_RIVA_CTRL
     34 APPS_RIVA_BT_CMD
-- QRTR headers seen (the answer, if any arrived)
         1 type=1 src_node=0 src_port=52 dst_node=1 dst_port=16409
-- local ports looked up
         1 port=52
         1 port=16409
-- THE LAST few events before the wake (the tail is the wake itself)
             <idle>-0       [000] d.h3. 26168.046862: chan: (qcom_smd_channel_intr+0x0/0x2d8) name="rpm_requests"
             agetty-909     [000] dNh2. 26168.047738: chan: (qcom_smd_channel_intr+0x0/0x2d8) name="rpm_requests"
            upowerd-975     [000] d.h3. 26168.048380: chan: (qcom_smd_channel_intr+0x0/0x2d8) name="rpm_requests"
            upowerd-975     [000] d.h3. 26168.049406: chan: (qcom_smd_channel_intr+0x0/0x2d8) name="rpm_requests"
              phosh-1168    [000] d.h2. 26168.050581: chan: (qcom_smd_channel_intr+0x0/0x2d8) name="rpm_requests"
              phosh-1168    [000] d.h3. 26168.050919: chan: (qcom_smd_channel_intr+0x0/0x2d8) name="rpm_requests"

== round 3: slept 64s of 600s  pm_wakeup_irq=139  <= modem edge
-- channels serviced
    222 rpm_requests
     37 IPCRTR
     35 sys_mon
     35 WLAN_CTRL
     35 WCNSS_CTRL
     35 APPS_RIVA_DATA
     35 APPS_RIVA_CTRL
     35 APPS_RIVA_BT_CMD
-- QRTR headers seen (the answer, if any arrived)
         2 type=1 src_node=5 src_port=10 dst_node=1 dst_port=16396
         1 type=1 src_node=0 src_port=40 dst_node=1 dst_port=16400
-- local ports looked up
         2 port=16396
         2 port=10
         1 port=40
         1 port=16400
-- THE LAST few events before the wake (the tail is the wake itself)
     wpa_supplicant-795     [000] d.h2. 26183.869139: chan: (qcom_smd_channel_intr+0x0/0x2d8) name="rpm_requests"
              gmain-2153    [000] dNh3. 26183.869986: chan: (qcom_smd_channel_intr+0x0/0x2d8) name="rpm_requests"
     wpa_supplicant-795     [000] d.h6. 26183.872007: chan: (qcom_smd_channel_intr+0x0/0x2d8) name="rpm_requests"
     wpa_supplicant-795     [000] d.h2. 26183.872513: chan: (qcom_smd_channel_intr+0x0/0x2d8) name="rpm_requests"
     wpa_supplicant-795     [000] d.h2. 26183.872972: chan: (qcom_smd_channel_intr+0x0/0x2d8) name="rpm_requests"
          qmi-proxy-44942   [000] d.h3. 26183.874666: chan: (qcom_smd_channel_intr+0x0/0x2d8) name="rpm_requests"
# done 2026-08-30 10:29:32
