=== QMI-KESES MERES KESZ 00:39:50 ===
00:25:11  ================ cycle 1 / 3 ================
00:25:11  before: modem=Modem/0 [QUALCOMM INCORPORATED] 0
00:25:11  suspending for 720 s
rtcwake: assuming RTC uses UTC ...
rtcwake: wakeup from "mem" using /dev/rtc0 at Fri Jan  2 17:26:43 1970
00:27:01  resumed after 110 s of wall clock
00:27:01  QMI transport answered at +0 s after resume
00:27:06  modem survived:     /org/freedesktop/ModemManager1/Modem/0 [QUALCOMM INCORPORATED] 0
00:27:06  MM probe result in the journal:
00:27:06  ================ cycle 2 / 3 ================
00:27:06  before: modem=Modem/0 [QUALCOMM INCORPORATED] 0
00:27:06  suspending for 720 s
rtcwake: assuming RTC uses UTC ...
rtcwake: wakeup from "mem" using /dev/rtc0 at Fri Jan  2 17:28:38 1970
00:27:10  resumed after 4 s of wall clock
00:27:10  QMI transport answered at +0 s after resume
00:27:15  modem survived:     /org/freedesktop/ModemManager1/Modem/0 [QUALCOMM INCORPORATED] 0
00:27:15  MM probe result in the journal:
00:27:15  ================ cycle 3 / 3 ================
00:27:15  before: modem=Modem/0 [QUALCOMM INCORPORATED] 0
00:27:15  suspending for 720 s
rtcwake: assuming RTC uses UTC ...
rtcwake: wakeup from "mem" using /dev/rtc0 at Fri Jan  2 17:28:47 1970
00:38:20  resumed after 665 s of wall clock
00:38:20  QMI transport answered at +0 s after resume
00:38:25  modem survived:     /org/freedesktop/ModemManager1/Modem/0 [QUALCOMM INCORPORATED] 0
00:38:25  MM probe result in the journal:
00:38:25  === restoring service and finishing ===
00:38:52  final:     /org/freedesktop/ModemManager1/Modem/0 [QUALCOMM INCORPORATED] 0
00:38:52  final tech: lte
00:38:52  === DONE ===

[exited with code 0]
