# dead-man armed: WiFi returns unconditionally in 90 min
# modem-night 2026-09-01 13:19:30 hours=1 alarm=600s floor=15% mm=running wifi=up cable=in
# kernel=#80-fp3 SMP PREEMPT Sat Aug 29 08:52:09 UTC 2026
# modem before the run: [32mconnected[0m  (daemon will be: running)
# battery at start: 53%  v=3899358uV
# panel: bl_power=4
# leaving WiFi UP - this arm prices the Wi-Fi link itself
# wlan0: wlan0            UP             192.168.100.17/24 2a01:36d:1400:c11:4280:17cb:f2ed:c297/64 2a01:36d:1400:c11:65ac:e85:d0a:40d3/64 fe80::f0a:293f:c26:d30f/64 
# wifi radio now: enabled  wlan0: UP
# cable IN, USBIN suspended: battery status=Discharging
# settling 300 s before the first round
# round 1 (rtcwake) done 13:25:00 cap=52%
# round 2 (logind) done 13:35:26 cap=52%
# round 3 (rtcwake) done 13:39:18 cap=52%
# round 4 (logind) done 13:49:44 cap=52%
# round 5 (rtcwake) done 13:50:01 cap=52%
# round 6 (logind) done 14:00:27 cap=52%
# round 7 (rtcwake) done 14:00:45 cap=52%
# round 8 (logind) done 14:11:11 cap=52%
# round 9 (rtcwake) done 14:11:28 cap=52%
# round 10 (logind) done 14:21:54 cap=52%
# round 11 (rtcwake) done 14:22:32 cap=52%
# round 12 (logind) done 14:32:57 cap=52%
# loop ended after 12 rounds, 2026-09-01 14:32:58, battery 52%
# RESTORED 2026-09-01 14:32:58 wifi=enabled charger=Not charging
