# dead-man armed: WiFi returns unconditionally in 510 min
# modem-night 2026-08-31 21:23:36 hours=8 alarm=600s floor=35% mm=stopped
# kernel=#80-fp3 SMP PREEMPT Sat Aug 29 08:52:09 UTC 2026
# modem before the run: registered  (daemon will be: stopped)
# ModemManager STOPPED for this run; restore() starts it again on every exit path
# battery at start: 92%  v=4299726uV
# panel: bl_power=4
# taking WiFi down (it is a dev link - the dead-man above is why this is safe)
# wifi radio now: disabled  wlan0: DOWN
# waiting for the cable to come out (up to 30 min) - UNPLUG NOW
# cable out at 21:27:05 after 200s
# settling 300 s before the first round
# round 1 (rtcwake) done 21:42:23 cap=92%
# round 2 (logind) done 21:52:50 cap=92%
# round 3 (rtcwake) done 22:03:07 cap=92%
# round 4 (logind) done 22:13:34 cap=92%
# round 5 (rtcwake) done 22:23:51 cap=92%
# round 6 (logind) done 22:34:18 cap=92%
# round 7 (rtcwake) done 22:44:35 cap=92%
# round 8 (logind) done 22:55:02 cap=92%
# round 9 (rtcwake) done 23:05:19 cap=92%
# round 10 (logind) done 23:15:46 cap=92%
# round 11 (rtcwake) done 23:26:03 cap=92%
# round 12 (logind) done 23:36:30 cap=92%
# round 13 (rtcwake) done 23:46:47 cap=92%
# round 14 (logind) done 23:57:14 cap=92%
# round 15 (rtcwake) done 00:07:31 cap=92%
# round 16 (logind) done 00:17:58 cap=92%
# round 17 (rtcwake) done 00:28:15 cap=92%
# round 18 (logind) done 00:38:42 cap=92%
# round 19 (rtcwake) done 00:48:59 cap=92%
# round 20 (logind) done 00:59:26 cap=92%
# round 21 (rtcwake) done 01:09:43 cap=92%
# round 22 (logind) done 01:20:10 cap=92%
# round 23 (rtcwake) done 01:30:27 cap=92%
# round 24 (logind) done 01:40:54 cap=92%
# round 25 (rtcwake) done 01:51:11 cap=92%
# round 26 (logind) done 02:01:38 cap=92%
# round 27 (rtcwake) done 02:11:55 cap=92%
# round 28 (logind) done 02:22:22 cap=92%
# round 29 (rtcwake) done 02:32:39 cap=92%
# round 30 (logind) done 02:43:06 cap=92%
# round 31 (rtcwake) done 02:53:24 cap=92%
# round 32 (logind) done 03:03:50 cap=92%
# round 33 (rtcwake) done 03:14:07 cap=92%
# round 34 (logind) done 03:24:34 cap=92%
# round 35 (rtcwake) done 03:34:51 cap=49%
# round 36 (logind) done 03:45:18 cap=49%
# round 37 (rtcwake) done 03:55:35 cap=49%
# round 38 (logind) done 04:06:02 cap=49%
# round 39 (rtcwake) done 04:16:19 cap=49%
# round 40 (logind) done 04:26:46 cap=49%
# round 41 (rtcwake) done 04:37:03 cap=49%
# round 42 (logind) done 04:47:30 cap=49%
# round 43 (rtcwake) done 04:57:47 cap=49%
# round 44 (logind) done 05:08:14 cap=49%
# round 45 (rtcwake) done 05:18:31 cap=49%
# round 46 (logind) done 05:28:58 cap=49%
# round 47 (rtcwake) done 05:39:15 cap=49%
# loop ended after 47 rounds, 2026-09-01 05:39:15, battery 49%
# RESTORED 2026-09-01 05:39:18 wifi=enabled charger=Discharging
