# dead-man armed: WiFi returns unconditionally in 150 min
# modem-night 2026-09-01 05:57:34 hours=2 alarm=600s floor=15% mm=stopped wifi=up cable=out
# kernel=#80-fp3 SMP PREEMPT Sat Aug 29 08:52:09 UTC 2026
# modem before the run: registered  (daemon will be: stopped)
# ModemManager STOPPED for this run; restore() starts it again on every exit path
# battery at start: 48%  v=3741702uV
# panel: bl_power=4
# leaving WiFi UP - this arm prices the Wi-Fi link itself
# wlan0: wlan0            UP             192.168.100.17/24 2a01:36d:1400:c11:d3ab:4e54:84c1:3649/64 2a01:36d:1400:c11:65ac:e85:d0a:40d3/64 fe80::f0a:293f:c26:d30f/64 
# wifi radio now: enabled  wlan0: UP
# waiting for the cable to come out (up to 30 min) - UNPLUG NOW
# cable out at 05:57:45 after 0s
# settling 300 s before the first round
# round 1 (rtcwake) done 06:13:03 cap=47%
# round 2 (logind) done 06:23:29 cap=47%
# round 3 (rtcwake) done 06:33:47 cap=47%
# round 4 (logind) done 06:44:13 cap=47%
# round 5 (rtcwake) done 06:54:31 cap=47%
# round 6 (logind) done 07:04:57 cap=47%
# round 7 (rtcwake) done 07:15:15 cap=47%
# round 8 (logind) done 07:25:41 cap=47%
# round 9 (rtcwake) done 07:35:59 cap=47%
# round 10 (logind) done 07:46:25 cap=47%
# round 11 (rtcwake) done 07:56:43 cap=47%
# round 12 (logind) done 08:07:09 cap=47%
# loop ended after 12 rounds, 2026-09-01 08:07:09, battery 47%
# RESTORED 2026-09-01 08:07:11 wifi=enabled charger=Discharging
