# wake-qmi 2026-08-31 18:31:21 alarm=600s rounds=1 path=rtcwake edge=141
#   ExecStart: /usr/sbin/ModemManager --test-quick-suspend-resume
#   modem: registered
#   msgid table: /usr/local/bin/qmi-msgids.txt (386 lines)
# tracefs clean (kprobe_events cleared)
# probes armed: qmi
-- qrtr services at start (service:instance node:port)
     Service Version Instance Node  Port
          43       2       18    0     1 Subsystem control service
          15       1        0    0    15 Test service
          24       1        0    0    17 Thermal mitigation device service
          23       1        0    0    18 Thermal sensors service
          22       1        0    0    19 Time service
          36       1        0    0    21 Persistent device configuration service
          49       1        2    0    22 IPA control service
          41       1        1    0    25 RF radiated performance enhancement service
          70       1        1    0    26 LTE service
          54       1        0    0    27 <unknown>
          17       1        0    0    28 Specific absorption rate service
          34       1        0    0    29 Coexistence service
          55       1        2    0    38 QMI-SLIM service
           9       2        0    0    39 Voice service
           3       1        0    0    40 Network Access Service
          12       1        0    0    42 Phonebook Management service
          10       2        0    0    43 Card Application Toolkit service (v2)
          47       1        0    0    44 Data Port Mapper service
           1       1        0    0    45 Wireless Data Service
          11       1        0    0    46 User Identity Module service
           4       1        0    0    47 Quality Of Service service
          26       1        0    0    48 Wireless data administrative service
           7       1        0    0    49 Authentication service
           8       1        0    0    50 AT service
          29       1        0    0    51 Circuit switched videotelephony service
           5       1        0    0    52 Wireless Messaging Service
          42       1        0    0    53 Data system determination service
           2       1        0    0    54 Device Management Service
          48       1        0    0    55 QMI DFS service
          68       1        0    0    56 <unknown>
          16       2        0    0    57 Location service (~ PDS v2)
          77       1        0    0    59 IMS QMI Priv service
          33       1        0    0    62 IMS application service
          18       1        0    0    64 IMS settings service
          14       1        0    1    14 Remote file system service
          52       1        1    1 16384 Dynamic Heap Memory Sharing
          49       1        1    1 16387 IPA control service
        4096       1        0    1 16394 TFTP
         271       2        0    1 16400 Sensor Registry service
-- port -> service, resolved from THIS run (32 ports)

== round 1: slept 14s of 600s  pm_wakeup_irq=141 (smd-edge)  <= modem edge
   (QRTR control packets excluded from the decode: 0
0; they carry no QMI SDU)
   ☠️ THE SLEEP-HOOK MARKERS DID NOT FIRE - no window, so nothing is
      reported for this round. Either the hook is not installed, or the
      phone never actually froze. Check /usr/lib/systemd/system-sleep/zz-fp3-trace-marker and suspend_stats/success.
      (a marker written by this script instead would sit OUTSIDE the
       freeze and would count the terse handshake as sleep traffic)
-- QMI messages BETWEEN the two markers, i.e. while asleep (count / port / kind / id / name)
-- terse lines this round: 0
# done 2026-08-31 18:31:51
