[7780] # queue night-20260825 start jobfile=/root/night/jobs-2026-08-25.txt cap=97% v=4413199
[7780] # preflight 95
[7800] # preflight PASSED
[7800] # charge: waiting for >= 97%, cap now 97%, max 90 min
[7800] # charge: reached 97% after 0 min
[7800] # note: r76 sleeping baseline: radio up, modem SMD edge armed, nothing cut
[7800] # timeout is now 25200s
[7800] # job 1 START (timeout 25200s): /root/slope-leg.sh baseline-r76-20260825
[9170] # queue night-20260825b start jobfile=/root/night/jobs-2026-08-25.txt cap=94% v=4405414
[9170] # preflight 95
[9191] # preflight FAILED - see /run/night/preflight.txt - aborting the queue
[9191] # queue night-20260825b ends rc=1 charger=Charging online=1 cap=94%
QUEUE FINISHED rc=1
[9807] # queue night-20260825c start jobfile=/root/night/jobs-2026-08-25.txt cap=95% v=4412810
[9807] # preflight 95
[9828] # preflight PASSED
[9828] # charge: waiting for >= 97%, cap now 95%, max 90 min
[9947] # queue night-20260825c ends rc=143 charger=Charging online=1 cap=96%
QUEUE FINISHED rc=143
[9947] # queue night-20260825c ends rc=143 charger=Charging online=1 cap=96%
QUEUE FINISHED rc=143
[9965] # queue night-20260825d start jobfile=/root/night/jobs-2026-08-25.txt cap=96% v=4411448
[9965] # preflight 95
