# ipa-handshake-probe 2026-08-29 21:21:20
# kernel=7.1.3-postmarketos-qcom-msm8953 #80-fp3 SMP PREEMPT Sat Aug 29 08:52:09 UTC 2026
# uptime=12359s

## 1. is the module loaded at all?
Module                  Size  Used by
ipa2_lite              32768  0
qcom_common            16384  5 qcom_wcnss_pil,ipa2_lite,qcom_q6v5_pas,slim_qcom_ngd_ctrl,qcom_q6v5_mss
qmi_helpers            28672  8 qcom_pd_mapper,ipa2_lite,qcom_sysmon,qcom_pdr_msg,slim_qcom_ngd_ctrl,pdr_interface,qcom_memshare,smgr
# (nothing but the header means it never loaded - that alone would explain everything)

## 2. is the platform device bound to a driver?
#   7900000.ipa -> driver: /sys/bus/platform/drivers/ipa
#   driver ipa claims: 1

## 3. what did the kernel say - probe, QMI, and any 60 s INIT_DRIVER timeout

## 4. does the modem's IPA control service have a client?
  Service Version Instance Node  Port
       43       2       18    0     1 Subsystem control service
       15       1        0    0    15 Test service
       24       1        0    0    17 Thermal mitigation device service
       23       1        0    0    18 Thermal sensors service
       22       1        0    0    19 Time service
       36       1        0    0    21 Persistent device configuration service
       49       1        2    0    22 IPA control service
       41       1        1    0    25 RF radiated performance enhancement service
       70       1        1    0    26 LTE service
       54       1        0    0    27 <unknown>
       17       1        0    0    28 Specific absorption rate service
       34       1        0    0    29 Coexistence service
       55       1        2    0    38 QMI-SLIM service
        9       2        0    0    40 Voice service
        3       1        0    0    41 Network Access Service
       12       1        0    0    42 Phonebook Management service
       10       2        0    0    43 Card Application Toolkit service (v2)
       47       1        0    0    44 Data Port Mapper service
       11       1        0    0    45 User Identity Module service
        1       1        0    0    46 Wireless Data Service
        4       1        0    0    47 Quality Of Service service
       26       1        0    0    48 Wireless data administrative service
        7       1        0    0    49 Authentication service
        8       1        0    0    50 AT service
       29       1        0    0    51 Circuit switched videotelephony service
        5       1        0    0    52 Wireless Messaging Service
       42       1        0    0    53 Data system determination service
        2       1        0    0    54 Device Management Service
       48       1        0    0    55 QMI DFS service
       68       1        0    0    56 <unknown>
       16       2        0    0    57 Location service (~ PDS v2)
       77       1        0    0    59 IMS QMI Priv service
       33       1        0    0    62 IMS application service
       18       1        0    0    64 IMS settings service
       14       1        0    1    14 Remote file system service
       52       1        1    1 16384 Dynamic Heap Memory Sharing
       49       1        1    1 16386 IPA control service
     4096       1        0    1 16394 TFTP
      271       2        0    1 16400 Sensor Registry service
       15       1        8    5     1 Test service
       43       2       20    5     2 Subsystem control service
       51       1        5    5     3 CoreSight remote tracing service
      769       1        0    5     4 SLIMbus control service
       15       1        9    5     5 Test service
       51       1        0    5     6 CoreSight remote tracing service
      771       1        1    5     7 Peripheral Access Control Manager service
      256       1       50    5    10 Sensor Manager service
      269       2       50    5    11 <unknown>
      300       1       50    5    12 <unknown>
      280       2       10    5    36 <unknown>
      263       1        0    5    40 <unknown>
      264       1        0    5    41 <unknown>
      260       1       50    5    42 <unknown>
      261       1       50    5    43 <unknown>
      277       1       50    5    44 <unknown>
      281       1       50    5    45 <unknown>
      283       1       50    5    46 <unknown>
      287       1       50    5    47 <unknown>
      275       1       50    5    48 <unknown>
      279       1       50    5    49 <unknown>
      303       1       50    5    50 <unknown>
      302       1       50    5    51 <unknown>
      297       2       50    5    52 <unknown>
      305       1       50    5    53 <unknown>
      276       1       50    5    54 <unknown>
      273       1       50    5    55 <unknown>
      293       1       50    5    56 <unknown>
      298       1       50    5    57 <unknown>
      299       1       50    5    58 <unknown>
      274       1       50    5    59 <unknown>
      296       1       50    5    60 <unknown>
      256       0        1    7     1 Sensor Manager service
       51       1        3    7     2 CoreSight remote tracing service
       15       1        0    7     3 Test service

## 5. the interfaces, and whether anything ever went through them
#   rmnet_ipa0: state=down rx=0 tx=0
#   ipa_lan0: state=down rx=0 tx=0
#   rmnet_data0: absent

# /var/log/fp3/ipa-probe-1788031280
