2026-08-26 13:57:43 === night-ladder start rounds=3 window=120s resuming at rung 1 outdir=/var/log/fp3 instrument=/home/phablet/fp3/idle-ab.sh
2026-08-26 13:57:43 rung 1/3 begin: uptime=172.79 cap=93% v=4391205 temp=291 status=Charging
2026-08-26 14:00:05 rung 1 done -> /var/log/fp3/rung-1.txt (23 samples)
2026-08-26 14:00:05 rung 2/3 begin: uptime=314.78 cap=93% v=4330673 temp=287 status=Charging
2026-08-26 14:02:27 rung 2 done -> /var/log/fp3/rung-2.txt (23 samples)
2026-08-26 14:02:27 rung 3/3 begin: uptime=456.92 cap=93% v=4348190 temp=284 status=Charging
2026-08-26 14:04:54 rung 3 done -> /var/log/fp3/rung-3.txt (24 samples)
2026-08-26 14:04:54 === night-ladder finished at rung 3 of 3
2026-08-26 14:04:54 charge input restored: Charging
2026-08-26 14:07:09 === night-ladder start rounds=8 window=3600s resuming at rung 1 outdir=/var/log/fp3 instrument=/home/phablet/fp3/idle-ab.sh
2026-08-26 14:07:09 rung 1/8 begin: uptime=738.29 cap=94% v=4394514 temp=283 status=Charging
2026-08-26 15:07:32 rung 1 done -> /var/log/fp3/rung-1.txt (699 samples)
2026-08-26 15:07:32 rung 2/8 begin: uptime=4361.46 cap=89% v=4277926 temp=264 status=Charging
2026-08-26 16:07:54 rung 2 done -> /var/log/fp3/rung-2.txt (699 samples)
2026-08-26 16:07:54 rung 3/8 begin: uptime=7984.22 cap=85% v=4250288 temp=265 status=Charging
2026-08-26 17:08:18 rung 3 done -> /var/log/fp3/rung-3.txt (698 samples)
2026-08-26 17:08:18 rung 4/8 begin: uptime=11607.73 cap=82% v=4209998 temp=259 status=Charging
2026-08-26 18:08:43 rung 4 done -> /var/log/fp3/rung-4.txt (697 samples)
2026-08-26 18:08:43 rung 5/8 begin: uptime=15232.59 cap=79% v=4106451 temp=258 status=Charging
2026-08-26 19:09:06 rung 5 done -> /var/log/fp3/rung-5.txt (696 samples)
2026-08-26 19:09:06 rung 6/8 begin: uptime=18855.46 cap=76% v=4167762 temp=258 status=Charging
2026-08-26 20:09:32 rung 6 done -> /var/log/fp3/rung-6.txt (697 samples)
2026-08-26 20:09:32 rung 7/8 begin: uptime=22481.86 cap=73% v=4129807 temp=246 status=Charging
2026-08-26 21:09:57 rung 7 done -> /var/log/fp3/rung-7.txt (698 samples)
2026-08-26 21:09:57 rung 8/8 begin: uptime=26106.92 cap=70% v=4097887 temp=238 status=Charging
2026-08-26 22:10:24 rung 8 done -> /var/log/fp3/rung-8.txt (697 samples)
2026-08-26 22:10:24 === night-ladder finished at rung 8 of 8
2026-08-26 22:10:24 charge input restored: Charging
